** Drc report for Control_Board.kicad_pcb **
** Created on 2026-09-04T16:06:29 **
** Report includes: Errors, Warnings **

** Found 10 DRC violations **
[items_not_allowed]: Items not allowed
    Local override; error
    @(144.8871 mm, 115.6600 mm): Track [/MAIN_CTRL] on B.Cu, length 0.6051 mm
[clearance]: Clearance violation (netclass 'Default' clearance 0.3000 mm; actual 0.2268 mm)
    Rule: netclass 'Default'; error
    @(157.5600 mm, 125.6250 mm): PTH pad 1 [Net-(Q1-B)] of Q1
    @(158.8300 mm, 124.3550 mm): PTH pad 2 [Net-(BZ1--)] of Q1
[clearance]: Clearance violation (netclass 'Default' clearance 0.3000 mm; actual 0.2268 mm)
    Rule: netclass 'Default'; error
    @(157.5600 mm, 125.6250 mm): PTH pad 1 [Net-(Q1-B)] of Q1
    @(158.8300 mm, 124.3550 mm): PTH pad 2 [Net-(BZ1--)] of Q1
[courtyards_overlap]: Courtyards overlap
    Rule: board setup constraints courtyard; error
    @(111.4500 mm, 90.3000 mm): Footprint J2
    @(114.6500 mm, 77.4450 mm): Footprint R4
[courtyards_overlap]: Courtyards overlap
    Rule: board setup constraints courtyard; error
    @(116.7500 mm, 87.6000 mm): Footprint C5
    @(114.6500 mm, 77.4450 mm): Footprint R4
[starved_thermal]: Thermal relief connection to zone incomplete (layer B.Cu; zone min spoke count 2; actual 1)
    Local override; error
    @(174.8000 mm, 50.7000 mm): Zone [GND] on B.Cu, priority 0
    @(146.9550 mm, 105.5000 mm): PTH pad 28 [GND] of A1
[lib_footprint_mismatch]: Footprint 'RaspberryPi_Pico_Common_Unspecified' does not match copy in library 'Module'
    Local override; warning
    @(138.0650 mm, 99.1500 mm): Footprint A1
[silk_overlap]: Silkscreen clearance
    Rule: board setup constraints silk; warning
    @(134.7000 mm, 130.1000 mm): Reference field of JP2
    @(132.6000 mm, 129.4500 mm): Segment of JP1 on B.Silkscreen
[mirrored_text_on_front_layer]: Mirrored text on front layer
    Local override; warning
    @(160.8051 mm, 86.0500 mm): Footprint text of U1 (U1)
[mirrored_text_on_front_layer]: Mirrored text on front layer
    Local override; warning
    @(122.4350 mm, 83.1050 mm): Footprint text of U2 (U2)

** Found 4 unconnected pads **
[unconnected_items]: Missing connection between items
    Local override; error
    @(174.8000 mm, 50.7000 mm): Zone [GND] on B.Cu, priority 0
    @(121.7500 mm, 87.6000 mm): PTH pad 2 [GND] of C5
[unconnected_items]: Missing connection between items
    Local override; error
    @(174.8000 mm, 50.7000 mm): Zone [GND] on B.Cu, priority 0
    @(160.1000 mm, 125.6250 mm): PTH pad 3 [GND] of Q1
[unconnected_items]: Missing connection between items
    Local override; error
    @(154.8250 mm, 100.4150 mm): PTH pad 9 [GND] of J7
    @(174.8000 mm, 50.7000 mm): Zone [GND] on B.Cu, priority 0
[unconnected_items]: Missing connection between items
    Local override; error
    @(174.8000 mm, 50.7000 mm): Zone [GND] on B.Cu, priority 0
    @(174.8000 mm, 50.7000 mm): Zone [GND] on B.Cu, priority 0

** Found 0 Footprint errors **

** Ignored checks **
    - Footprint has no courtyard defined
    - Track endpoint not centered on via
    - Tuning profile track geometries
    - Footprint doesn't match symbol's footprint filters
    - Footprint component type doesn't match footprint pads

** End of Report **
