ERC report (2026-09-08T10:50:21, Encoding UTF8)
Report includes: Errors

***** Sheet /
[pin_to_pin]: Pins of type Power output and Power output are connected
    ; error
    @(1800 mils, 3650 mils): Symbol #FLG02 Pin 1 [Power output, Line]
    @(2150 mils, 2600 mils): Symbol U1 Pin 2 [VO, Power output, Line]
[power_pin_not_driven]: Input Power pin not driven by any Output Power pins
    ; error
    @(2250 mils, 5050 mils): Symbol U2 Pin 8 [VCC, Power input, Line]
[pin_to_pin]: Pins of type Power output and Power output are connected
    ; error
    @(6300 mils, 5600 mils): Symbol A1 Pin 3 [GND, Power output, Line]
    @(7200 mils, 5100 mils): Symbol A1 Pin 33 [AGND, Power output, Line]

 ** ERC messages: 3  Errors 3  Warnings 0

 ** Ignored checks:
    - Global label only appears once in the schematic
    - Four connection points are joined together
    - SPICE model issue
    - Assigned footprint doesn't match footprint filters
